src/components/saral/officer/JMRManager.tsx(1,8): error TS1259: Module '"D:/Desk_backup/bhoomi saral mvp/ABC/new_saral_bhoomi/saral-bhoomi/node_modules/@types/react/index"' can only be default-imported using the 'esModuleInterop' flag
src/components/saral/officer/JMRManager.tsx(2,58): error TS2307: Cannot find module '@/components/ui/card' or its corresponding type declarations.
src/components/saral/officer/JMRManager.tsx(3,24): error TS2307: Cannot find module '@/components/ui/button' or its corresponding type declarations.
src/components/saral/officer/JMRManager.tsx(4,23): error TS2307: Cannot find module '@/components/ui/input' or its corresponding type declarations.
src/components/saral/officer/JMRManager.tsx(5,23): error TS2307: Cannot find module '@/components/ui/label' or its corresponding type declarations.
src/components/saral/officer/JMRManager.tsx(6,79): error TS2307: Cannot find module '@/components/ui/select' or its corresponding type declarations.
src/components/saral/officer/JMRManager.tsx(7,26): error TS2307: Cannot find module '@/components/ui/textarea' or its corresponding type declarations.
src/components/saral/officer/JMRManager.tsx(8,23): error TS2307: Cannot find module '@/components/ui/badge' or its corresponding type declarations.
src/components/saral/officer/JMRManager.tsx(9,58): error TS2307: Cannot find module '@/components/ui/tabs' or its corresponding type declarations.
src/components/saral/officer/JMRManager.tsx(10,79): error TS2307: Cannot find module '@/components/ui/table' or its corresponding type declarations.
src/components/saral/officer/JMRManager.tsx(26,23): error TS2307: Cannot find module '@/hooks/use-toast' or its corresponding type declarations.
src/components/saral/officer/JMRManager.tsx(471,5): error TS17004: Cannot use JSX unless the '--jsx' flag is provided.
src/components/saral/officer/JMRManager.tsx(472,7): error TS17004: Cannot use JSX unless the '--jsx' flag is provided.
src/components/saral/officer/JMRManager.tsx(473,9): error TS17004: Cannot use JSX unless the '--jsx' flag is provided.
src/components/saral/officer/JMRManager.tsx(474,11): error TS17004: Cannot use JSX unless the '--jsx' flag is provided.
src/components/saral/officer/JMRManager.tsx(475,13): error TS17004: Cannot use JSX unless the '--jsx' flag is provided.
src/components/saral/officer/JMRManager.tsx(479,9): error TS17004: Cannot use JSX unless the '--jsx' flag is provided.
src/components/saral/officer/JMRManager.tsx(480,11): error TS17004: Cannot use JSX unless the '--jsx' flag is provided.
src/components/saral/officer/JMRManager.tsx(481,13): error TS17004: Cannot use JSX unless the '--jsx' flag is provided.
src/components/saral/officer/JMRManager.tsx(482,15): error TS17004: Cannot use JSX unless the '--jsx' flag is provided.
src/components/saral/officer/JMRManager.tsx(483,17): error TS17004: Cannot use JSX unless the '--jsx' flag is provided.
src/components/saral/officer/JMRManager.tsx(486,15): error TS17004: Cannot use JSX unless the '--jsx' flag is provided.
src/components/saral/officer/JMRManager.tsx(487,17): error TS17004: Cannot use JSX unless the '--jsx' flag is provided.
src/components/saral/officer/JMRManager.tsx(490,15): error TS17004: Cannot use JSX unless the '--jsx' flag is provided.
src/components/saral/officer/JMRManager.tsx(491,17): error TS17004: Cannot use JSX unless the '--jsx' flag is provided.
src/components/saral/officer/JMRManager.tsx(496,13): error TS17004: Cannot use JSX unless the '--jsx' flag is provided.
src/components/saral/officer/JMRManager.tsx(497,15): error TS17004: Cannot use JSX unless the '--jsx' flag is provided.
src/components/saral/officer/JMRManager.tsx(498,17): error TS17004: Cannot use JSX unless the '--jsx' flag is provided.
src/components/saral/officer/JMRManager.tsx(499,19): error TS17004: Cannot use JSX unless the '--jsx' flag is provided.
src/components/saral/officer/JMRManager.tsx(500,21): error TS17004: Cannot use JSX unless the '--jsx' flag is provided.
src/components/saral/officer/JMRManager.tsx(501,21): error TS17004: Cannot use JSX unless the '--jsx' flag is provided.
src/components/saral/officer/JMRManager.tsx(508,19): error TS17004: Cannot use JSX unless the '--jsx' flag is provided.
src/components/saral/officer/JMRManager.tsx(509,21): error TS17004: Cannot use JSX unless the '--jsx' flag is provided.
src/components/saral/officer/JMRManager.tsx(510,21): error TS17004: Cannot use JSX unless the '--jsx' flag is provided.
src/components/saral/officer/JMRManager.tsx(516,19): error TS17004: Cannot use JSX unless the '--jsx' flag is provided.
src/components/saral/officer/JMRManager.tsx(517,21): error TS17004: Cannot use JSX unless the '--jsx' flag is provided.
src/components/saral/officer/JMRManager.tsx(518,21): error TS17004: Cannot use JSX unless the '--jsx' flag is provided.
src/components/saral/officer/JMRManager.tsx(524,19): error TS17004: Cannot use JSX unless the '--jsx' flag is provided.
src/components/saral/officer/JMRManager.tsx(525,21): error TS17004: Cannot use JSX unless the '--jsx' flag is provided.
src/components/saral/officer/JMRManager.tsx(526,21): error TS17004: Cannot use JSX unless the '--jsx' flag is provided.
src/components/saral/officer/JMRManager.tsx(532,19): error TS17004: Cannot use JSX unless the '--jsx' flag is provided.
src/components/saral/officer/JMRManager.tsx(533,21): error TS17004: Cannot use JSX unless the '--jsx' flag is provided.
src/components/saral/officer/JMRManager.tsx(534,21): error TS17004: Cannot use JSX unless the '--jsx' flag is provided.
src/components/saral/officer/JMRManager.tsx(540,19): error TS17004: Cannot use JSX unless the '--jsx' flag is provided.
src/components/saral/officer/JMRManager.tsx(541,21): error TS17004: Cannot use JSX unless the '--jsx' flag is provided.
src/components/saral/officer/JMRManager.tsx(542,21): error TS17004: Cannot use JSX unless the '--jsx' flag is provided.
src/components/saral/officer/JMRManager.tsx(548,19): error TS17004: Cannot use JSX unless the '--jsx' flag is provided.
src/components/saral/officer/JMRManager.tsx(549,21): error TS17004: Cannot use JSX unless the '--jsx' flag is provided.
src/components/saral/officer/JMRManager.tsx(550,21): error TS17004: Cannot use JSX unless the '--jsx' flag is provided.
src/components/saral/officer/JMRManager.tsx(556,19): error TS17004: Cannot use JSX unless the '--jsx' flag is provided.
src/components/saral/officer/JMRManager.tsx(557,21): error TS17004: Cannot use JSX unless the '--jsx' flag is provided.
src/components/saral/officer/JMRManager.tsx(558,21): error TS17004: Cannot use JSX unless the '--jsx' flag is provided.
src/components/saral/officer/JMRManager.tsx(564,19): error TS17004: Cannot use JSX unless the '--jsx' flag is provided.
src/components/saral/officer/JMRManager.tsx(565,21): error TS17004: Cannot use JSX unless the '--jsx' flag is provided.
src/components/saral/officer/JMRManager.tsx(566,21): error TS17004: Cannot use JSX unless the '--jsx' flag is provided.
src/components/saral/officer/JMRManager.tsx(574,19): error TS17004: Cannot use JSX unless the '--jsx' flag is provided.
src/components/saral/officer/JMRManager.tsx(575,21): error TS17004: Cannot use JSX unless the '--jsx' flag is provided.
src/components/saral/officer/JMRManager.tsx(576,21): error TS17004: Cannot use JSX unless the '--jsx' flag is provided.
src/components/saral/officer/JMRManager.tsx(584,19): error TS17004: Cannot use JSX unless the '--jsx' flag is provided.
src/components/saral/officer/JMRManager.tsx(585,21): error TS17004: Cannot use JSX unless the '--jsx' flag is provided.
src/components/saral/officer/JMRManager.tsx(586,21): error TS17004: Cannot use JSX unless the '--jsx' flag is provided.
src/components/saral/officer/JMRManager.tsx(587,23): error TS17004: Cannot use JSX unless the '--jsx' flag is provided.
src/components/saral/officer/JMRManager.tsx(588,25): error TS17004: Cannot use JSX unless the '--jsx' flag is provided.
src/components/saral/officer/JMRManager.tsx(590,23): error TS17004: Cannot use JSX unless the '--jsx' flag is provided.
src/components/saral/officer/JMRManager.tsx(591,25): error TS17004: Cannot use JSX unless the '--jsx' flag is provided.
src/components/saral/officer/JMRManager.tsx(592,25): error TS17004: Cannot use JSX unless the '--jsx' flag is provided.
src/components/saral/officer/JMRManager.tsx(593,25): error TS17004: Cannot use JSX unless the '--jsx' flag is provided.
src/components/saral/officer/JMRManager.tsx(594,25): error TS17004: Cannot use JSX unless the '--jsx' flag is provided.
src/components/saral/officer/JMRManager.tsx(598,19): error TS17004: Cannot use JSX unless the '--jsx' flag is provided.
src/components/saral/officer/JMRManager.tsx(599,21): error TS17004: Cannot use JSX unless the '--jsx' flag is provided.
src/components/saral/officer/JMRManager.tsx(600,21): error TS17004: Cannot use JSX unless the '--jsx' flag is provided.
src/components/saral/officer/JMRManager.tsx(601,23): error TS17004: Cannot use JSX unless the '--jsx' flag is provided.
src/components/saral/officer/JMRManager.tsx(602,25): error TS17004: Cannot use JSX unless the '--jsx' flag is provided.
src/components/saral/officer/JMRManager.tsx(604,23): error TS17004: Cannot use JSX unless the '--jsx' flag is provided.
src/components/saral/officer/JMRManager.tsx(605,25): error TS17004: Cannot use JSX unless the '--jsx' flag is provided.
src/components/saral/officer/JMRManager.tsx(606,25): error TS17004: Cannot use JSX unless the '--jsx' flag is provided.
src/components/saral/officer/JMRManager.tsx(607,25): error TS17004: Cannot use JSX unless the '--jsx' flag is provided.
src/components/saral/officer/JMRManager.tsx(608,25): error TS17004: Cannot use JSX unless the '--jsx' flag is provided.
src/components/saral/officer/JMRManager.tsx(612,19): error TS17004: Cannot use JSX unless the '--jsx' flag is provided.
src/components/saral/officer/JMRManager.tsx(613,21): error TS17004: Cannot use JSX unless the '--jsx' flag is provided.
src/components/saral/officer/JMRManager.tsx(614,21): error TS17004: Cannot use JSX unless the '--jsx' flag is provided.
src/components/saral/officer/JMRManager.tsx(615,23): error TS17004: Cannot use JSX unless the '--jsx' flag is provided.
src/components/saral/officer/JMRManager.tsx(616,25): error TS17004: Cannot use JSX unless the '--jsx' flag is provided.
src/components/saral/officer/JMRManager.tsx(618,23): error TS17004: Cannot use JSX unless the '--jsx' flag is provided.
src/components/saral/officer/JMRManager.tsx(619,25): error TS17004: Cannot use JSX unless the '--jsx' flag is provided.
src/components/saral/officer/JMRManager.tsx(620,25): error TS17004: Cannot use JSX unless the '--jsx' flag is provided.
src/components/saral/officer/JMRManager.tsx(624,19): error TS17004: Cannot use JSX unless the '--jsx' flag is provided.
src/components/saral/officer/JMRManager.tsx(625,21): error TS17004: Cannot use JSX unless the '--jsx' flag is provided.
src/components/saral/officer/JMRManager.tsx(626,21): error TS17004: Cannot use JSX unless the '--jsx' flag is provided.
src/components/saral/officer/JMRManager.tsx(632,19): error TS17004: Cannot use JSX unless the '--jsx' flag is provided.
src/components/saral/officer/JMRManager.tsx(633,21): error TS17004: Cannot use JSX unless the '--jsx' flag is provided.
src/components/saral/officer/JMRManager.tsx(634,21): error TS17004: Cannot use JSX unless the '--jsx' flag is provided.
src/components/saral/officer/JMRManager.tsx(635,23): error TS17004: Cannot use JSX unless the '--jsx' flag is provided.
src/components/saral/officer/JMRManager.tsx(636,25): error TS17004: Cannot use JSX unless the '--jsx' flag is provided.
src/components/saral/officer/JMRManager.tsx(638,23): error TS17004: Cannot use JSX unless the '--jsx' flag is provided.
src/components/saral/officer/JMRManager.tsx(639,25): error TS17004: Cannot use JSX unless the '--jsx' flag is provided.
src/components/saral/officer/JMRManager.tsx(640,25): error TS17004: Cannot use JSX unless the '--jsx' flag is provided.
src/components/saral/officer/JMRManager.tsx(641,25): error TS17004: Cannot use JSX unless the '--jsx' flag is provided.
src/components/saral/officer/JMRManager.tsx(642,25): error TS17004: Cannot use JSX unless the '--jsx' flag is provided.
src/components/saral/officer/JMRManager.tsx(646,19): error TS17004: Cannot use JSX unless the '--jsx' flag is provided.
src/components/saral/officer/JMRManager.tsx(647,21): error TS17004: Cannot use JSX unless the '--jsx' flag is provided.
src/components/saral/officer/JMRManager.tsx(648,21): error TS17004: Cannot use JSX unless the '--jsx' flag is provided.
src/components/saral/officer/JMRManager.tsx(654,19): error TS17004: Cannot use JSX unless the '--jsx' flag is provided.
src/components/saral/officer/JMRManager.tsx(655,21): error TS17004: Cannot use JSX unless the '--jsx' flag is provided.
src/components/saral/officer/JMRManager.tsx(656,21): error TS17004: Cannot use JSX unless the '--jsx' flag is provided.
src/components/saral/officer/JMRManager.tsx(662,19): error TS17004: Cannot use JSX unless the '--jsx' flag is provided.
src/components/saral/officer/JMRManager.tsx(663,21): error TS17004: Cannot use JSX unless the '--jsx' flag is provided.
src/components/saral/officer/JMRManager.tsx(664,21): error TS17004: Cannot use JSX unless the '--jsx' flag is provided.
src/components/saral/officer/JMRManager.tsx(670,19): error TS17004: Cannot use JSX unless the '--jsx' flag is provided.
src/components/saral/officer/JMRManager.tsx(671,21): error TS17004: Cannot use JSX unless the '--jsx' flag is provided.
src/components/saral/officer/JMRManager.tsx(672,21): error TS17004: Cannot use JSX unless the '--jsx' flag is provided.
src/components/saral/officer/JMRManager.tsx(678,19): error TS17004: Cannot use JSX unless the '--jsx' flag is provided.
src/components/saral/officer/JMRManager.tsx(679,21): error TS17004: Cannot use JSX unless the '--jsx' flag is provided.
src/components/saral/officer/JMRManager.tsx(680,21): error TS17004: Cannot use JSX unless the '--jsx' flag is provided.
src/components/saral/officer/JMRManager.tsx(686,19): error TS17004: Cannot use JSX unless the '--jsx' flag is provided.
src/components/saral/officer/JMRManager.tsx(687,21): error TS17004: Cannot use JSX unless the '--jsx' flag is provided.
src/components/saral/officer/JMRManager.tsx(688,21): error TS17004: Cannot use JSX unless the '--jsx' flag is provided.
src/components/saral/officer/JMRManager.tsx(694,19): error TS17004: Cannot use JSX unless the '--jsx' flag is provided.
src/components/saral/officer/JMRManager.tsx(695,21): error TS17004: Cannot use JSX unless the '--jsx' flag is provided.
src/components/saral/officer/JMRManager.tsx(696,21): error TS17004: Cannot use JSX unless the '--jsx' flag is provided.
src/components/saral/officer/JMRManager.tsx(702,19): error TS17004: Cannot use JSX unless the '--jsx' flag is provided.
src/components/saral/officer/JMRManager.tsx(703,21): error TS17004: Cannot use JSX unless the '--jsx' flag is provided.
src/components/saral/officer/JMRManager.tsx(704,21): error TS17004: Cannot use JSX unless the '--jsx' flag is provided.
src/components/saral/officer/JMRManager.tsx(710,19): error TS17004: Cannot use JSX unless the '--jsx' flag is provided.
src/components/saral/officer/JMRManager.tsx(711,21): error TS17004: Cannot use JSX unless the '--jsx' flag is provided.
src/components/saral/officer/JMRManager.tsx(712,21): error TS17004: Cannot use JSX unless the '--jsx' flag is provided.
src/components/saral/officer/JMRManager.tsx(718,19): error TS17004: Cannot use JSX unless the '--jsx' flag is provided.
src/components/saral/officer/JMRManager.tsx(719,21): error TS17004: Cannot use JSX unless the '--jsx' flag is provided.
src/components/saral/officer/JMRManager.tsx(720,21): error TS17004: Cannot use JSX unless the '--jsx' flag is provided.
src/components/saral/officer/JMRManager.tsx(726,19): error TS17004: Cannot use JSX unless the '--jsx' flag is provided.
src/components/saral/officer/JMRManager.tsx(727,21): error TS17004: Cannot use JSX unless the '--jsx' flag is provided.
src/components/saral/officer/JMRManager.tsx(728,21): error TS17004: Cannot use JSX unless the '--jsx' flag is provided.
src/components/saral/officer/JMRManager.tsx(734,19): error TS17004: Cannot use JSX unless the '--jsx' flag is provided.
src/components/saral/officer/JMRManager.tsx(735,21): error TS17004: Cannot use JSX unless the '--jsx' flag is provided.
src/components/saral/officer/JMRManager.tsx(736,21): error TS17004: Cannot use JSX unless the '--jsx' flag is provided.
src/components/saral/officer/JMRManager.tsx(743,19): error TS17004: Cannot use JSX unless the '--jsx' flag is provided.
src/components/saral/officer/JMRManager.tsx(744,21): error TS17004: Cannot use JSX unless the '--jsx' flag is provided.
src/components/saral/officer/JMRManager.tsx(745,21): error TS17004: Cannot use JSX unless the '--jsx' flag is provided.
src/components/saral/officer/JMRManager.tsx(752,19): error TS17004: Cannot use JSX unless the '--jsx' flag is provided.
src/components/saral/officer/JMRManager.tsx(753,21): error TS17004: Cannot use JSX unless the '--jsx' flag is provided.
src/components/saral/officer/JMRManager.tsx(754,21): error TS17004: Cannot use JSX unless the '--jsx' flag is provided.
src/components/saral/officer/JMRManager.tsx(761,19): error TS17004: Cannot use JSX unless the '--jsx' flag is provided.
src/components/saral/officer/JMRManager.tsx(762,21): error TS17004: Cannot use JSX unless the '--jsx' flag is provided.
src/components/saral/officer/JMRManager.tsx(763,21): error TS17004: Cannot use JSX unless the '--jsx' flag is provided.
src/components/saral/officer/JMRManager.tsx(769,19): error TS17004: Cannot use JSX unless the '--jsx' flag is provided.
src/components/saral/officer/JMRManager.tsx(770,21): error TS17004: Cannot use JSX unless the '--jsx' flag is provided.
src/components/saral/officer/JMRManager.tsx(771,21): error TS17004: Cannot use JSX unless the '--jsx' flag is provided.
src/components/saral/officer/JMRManager.tsx(777,19): error TS17004: Cannot use JSX unless the '--jsx' flag is provided.
src/components/saral/officer/JMRManager.tsx(778,21): error TS17004: Cannot use JSX unless the '--jsx' flag is provided.
src/components/saral/officer/JMRManager.tsx(779,21): error TS17004: Cannot use JSX unless the '--jsx' flag is provided.
src/components/saral/officer/JMRManager.tsx(785,19): error TS17004: Cannot use JSX unless the '--jsx' flag is provided.
src/components/saral/officer/JMRManager.tsx(786,21): error TS17004: Cannot use JSX unless the '--jsx' flag is provided.
src/components/saral/officer/JMRManager.tsx(787,21): error TS17004: Cannot use JSX unless the '--jsx' flag is provided.
src/components/saral/officer/JMRManager.tsx(795,19): error TS17004: Cannot use JSX unless the '--jsx' flag is provided.
src/components/saral/officer/JMRManager.tsx(796,21): error TS17004: Cannot use JSX unless the '--jsx' flag is provided.
src/components/saral/officer/JMRManager.tsx(797,21): error TS17004: Cannot use JSX unless the '--jsx' flag is provided.
src/components/saral/officer/JMRManager.tsx(805,19): error TS17004: Cannot use JSX unless the '--jsx' flag is provided.
src/components/saral/officer/JMRManager.tsx(806,21): error TS17004: Cannot use JSX unless the '--jsx' flag is provided.
src/components/saral/officer/JMRManager.tsx(807,21): error TS17004: Cannot use JSX unless the '--jsx' flag is provided.
src/components/saral/officer/JMRManager.tsx(815,19): error TS17004: Cannot use JSX unless the '--jsx' flag is provided.
src/components/saral/officer/JMRManager.tsx(816,21): error TS17004: Cannot use JSX unless the '--jsx' flag is provided.
src/components/saral/officer/JMRManager.tsx(817,21): error TS17004: Cannot use JSX unless the '--jsx' flag is provided.
src/components/saral/officer/JMRManager.tsx(825,19): error TS17004: Cannot use JSX unless the '--jsx' flag is provided.
src/components/saral/officer/JMRManager.tsx(826,21): error TS17004: Cannot use JSX unless the '--jsx' flag is provided.
src/components/saral/officer/JMRManager.tsx(827,21): error TS17004: Cannot use JSX unless the '--jsx' flag is provided.
src/components/saral/officer/JMRManager.tsx(835,19): error TS17004: Cannot use JSX unless the '--jsx' flag is provided.
src/components/saral/officer/JMRManager.tsx(836,21): error TS17004: Cannot use JSX unless the '--jsx' flag is provided.
src/components/saral/officer/JMRManager.tsx(837,21): error TS17004: Cannot use JSX unless the '--jsx' flag is provided.
src/components/saral/officer/JMRManager.tsx(843,19): error TS17004: Cannot use JSX unless the '--jsx' flag is provided.
src/components/saral/officer/JMRManager.tsx(844,21): error TS17004: Cannot use JSX unless the '--jsx' flag is provided.
src/components/saral/officer/JMRManager.tsx(845,21): error TS17004: Cannot use JSX unless the '--jsx' flag is provided.
src/components/saral/officer/JMRManager.tsx(851,19): error TS17004: Cannot use JSX unless the '--jsx' flag is provided.
src/components/saral/officer/JMRManager.tsx(852,21): error TS17004: Cannot use JSX unless the '--jsx' flag is provided.
src/components/saral/officer/JMRManager.tsx(853,21): error TS17004: Cannot use JSX unless the '--jsx' flag is provided.
src/components/saral/officer/JMRManager.tsx(854,23): error TS17004: Cannot use JSX unless the '--jsx' flag is provided.
src/components/saral/officer/JMRManager.tsx(855,25): error TS17004: Cannot use JSX unless the '--jsx' flag is provided.
src/components/saral/officer/JMRManager.tsx(857,23): error TS17004: Cannot use JSX unless the '--jsx' flag is provided.
src/components/saral/officer/JMRManager.tsx(859,27): error TS17004: Cannot use JSX unless the '--jsx' flag is provided.
src/components/saral/officer/JMRManager.tsx(864,19): error TS17004: Cannot use JSX unless the '--jsx' flag is provided.
src/components/saral/officer/JMRManager.tsx(865,21): error TS17004: Cannot use JSX unless the '--jsx' flag is provided.
src/components/saral/officer/JMRManager.tsx(866,21): error TS17004: Cannot use JSX unless the '--jsx' flag is provided.
src/components/saral/officer/JMRManager.tsx(867,23): error TS17004: Cannot use JSX unless the '--jsx' flag is provided.
src/components/saral/officer/JMRManager.tsx(868,25): error TS17004: Cannot use JSX unless the '--jsx' flag is provided.
src/components/saral/officer/JMRManager.tsx(870,23): error TS17004: Cannot use JSX unless the '--jsx' flag is provided.
src/components/saral/officer/JMRManager.tsx(872,27): error TS17004: Cannot use JSX unless the '--jsx' flag is provided.
src/components/saral/officer/JMRManager.tsx(877,19): error TS17004: Cannot use JSX unless the '--jsx' flag is provided.
src/components/saral/officer/JMRManager.tsx(878,21): error TS17004: Cannot use JSX unless the '--jsx' flag is provided.
src/components/saral/officer/JMRManager.tsx(879,21): error TS17004: Cannot use JSX unless the '--jsx' flag is provided.
src/components/saral/officer/JMRManager.tsx(880,23): error TS17004: Cannot use JSX unless the '--jsx' flag is provided.
src/components/saral/officer/JMRManager.tsx(881,25): error TS17004: Cannot use JSX unless the '--jsx' flag is provided.
src/components/saral/officer/JMRManager.tsx(883,23): error TS17004: Cannot use JSX unless the '--jsx' flag is provided.
src/components/saral/officer/JMRManager.tsx(885,27): error TS17004: Cannot use JSX unless the '--jsx' flag is provided.
src/components/saral/officer/JMRManager.tsx(890,19): error TS17004: Cannot use JSX unless the '--jsx' flag is provided.
src/components/saral/officer/JMRManager.tsx(891,21): error TS17004: Cannot use JSX unless the '--jsx' flag is provided.
src/components/saral/officer/JMRManager.tsx(892,21): error TS17004: Cannot use JSX unless the '--jsx' flag is provided.
src/components/saral/officer/JMRManager.tsx(898,19): error TS17004: Cannot use JSX unless the '--jsx' flag is provided.
src/components/saral/officer/JMRManager.tsx(899,21): error TS17004: Cannot use JSX unless the '--jsx' flag is provided.
src/components/saral/officer/JMRManager.tsx(900,21): error TS17004: Cannot use JSX unless the '--jsx' flag is provided.
src/components/saral/officer/JMRManager.tsx(907,19): error TS17004: Cannot use JSX unless the '--jsx' flag is provided.
src/components/saral/officer/JMRManager.tsx(908,21): error TS17004: Cannot use JSX unless the '--jsx' flag is provided.
src/components/saral/officer/JMRManager.tsx(909,21): error TS17004: Cannot use JSX unless the '--jsx' flag is provided.
src/components/saral/officer/JMRManager.tsx(910,23): error TS17004: Cannot use JSX unless the '--jsx' flag is provided.
src/components/saral/officer/JMRManager.tsx(911,25): error TS17004: Cannot use JSX unless the '--jsx' flag is provided.
src/components/saral/officer/JMRManager.tsx(913,23): error TS17004: Cannot use JSX unless the '--jsx' flag is provided.
src/components/saral/officer/JMRManager.tsx(914,25): error TS17004: Cannot use JSX unless the '--jsx' flag is provided.
src/components/saral/officer/JMRManager.tsx(915,25): error TS17004: Cannot use JSX unless the '--jsx' flag is provided.
src/components/saral/officer/JMRManager.tsx(916,25): error TS17004: Cannot use JSX unless the '--jsx' flag is provided.
src/components/saral/officer/JMRManager.tsx(917,25): error TS17004: Cannot use JSX unless the '--jsx' flag is provided.
src/components/saral/officer/JMRManager.tsx(922,17): error TS17004: Cannot use JSX unless the '--jsx' flag is provided.
src/components/saral/officer/JMRManager.tsx(923,19): error TS17004: Cannot use JSX unless the '--jsx' flag is provided.
src/components/saral/officer/JMRManager.tsx(924,19): error TS17004: Cannot use JSX unless the '--jsx' flag is provided.
src/components/saral/officer/JMRManager.tsx(931,17): error TS17004: Cannot use JSX unless the '--jsx' flag is provided.
src/components/saral/officer/JMRManager.tsx(932,19): error TS17004: Cannot use JSX unless the '--jsx' flag is provided.
src/components/saral/officer/JMRManager.tsx(936,22): error TS17004: Cannot use JSX unless the '--jsx' flag is provided.
src/components/saral/officer/JMRManager.tsx(966,13): error TS17004: Cannot use JSX unless the '--jsx' flag is provided.
src/components/saral/officer/JMRManager.tsx(967,15): error TS17004: Cannot use JSX unless the '--jsx' flag is provided.
src/components/saral/officer/JMRManager.tsx(968,17): error TS17004: Cannot use JSX unless the '--jsx' flag is provided.
src/components/saral/officer/JMRManager.tsx(969,19): error TS17004: Cannot use JSX unless the '--jsx' flag is provided.
src/components/saral/officer/JMRManager.tsx(971,17): error TS17004: Cannot use JSX unless the '--jsx' flag is provided.
src/components/saral/officer/JMRManager.tsx(972,19): error TS17004: Cannot use JSX unless the '--jsx' flag is provided.
src/components/saral/officer/JMRManager.tsx(973,21): error TS17004: Cannot use JSX unless the '--jsx' flag is provided.
src/components/saral/officer/JMRManager.tsx(974,21): error TS17004: Cannot use JSX unless the '--jsx' flag is provided.
src/components/saral/officer/JMRManager.tsx(981,19): error TS17004: Cannot use JSX unless the '--jsx' flag is provided.
src/components/saral/officer/JMRManager.tsx(982,21): error TS17004: Cannot use JSX unless the '--jsx' flag is provided.
src/components/saral/officer/JMRManager.tsx(982,24): error TS17004: Cannot use JSX unless the '--jsx' flag is provided.
src/components/saral/officer/JMRManager.tsx(983,21): error TS17004: Cannot use JSX unless the '--jsx' flag is provided.
src/components/saral/officer/JMRManager.tsx(989,13): error TS17004: Cannot use JSX unless the '--jsx' flag is provided.
src/components/saral/officer/JMRManager.tsx(991,15): error TS17004: Cannot use JSX unless the '--jsx' flag is provided.
src/components/saral/officer/JMRManager.tsx(992,17): error TS17004: Cannot use JSX unless the '--jsx' flag is provided.
src/components/saral/officer/JMRManager.tsx(993,19): error TS17004: Cannot use JSX unless the '--jsx' flag is provided.
src/components/saral/officer/JMRManager.tsx(995,17): error TS17004: Cannot use JSX unless the '--jsx' flag is provided.
src/components/saral/officer/JMRManager.tsx(996,19): error TS17004: Cannot use JSX unless the '--jsx' flag is provided.
src/components/saral/officer/JMRManager.tsx(997,21): error TS17004: Cannot use JSX unless the '--jsx' flag is provided.
src/components/saral/officer/JMRManager.tsx(998,23): error TS17004: Cannot use JSX unless the '--jsx' flag is provided.
src/components/saral/officer/JMRManager.tsx(999,23): error TS17004: Cannot use JSX unless the '--jsx' flag is provided.
src/components/saral/officer/JMRManager.tsx(1006,21): error TS17004: Cannot use JSX unless the '--jsx' flag is provided.
src/components/saral/officer/JMRManager.tsx(1007,23): error TS17004: Cannot use JSX unless the '--jsx' flag is provided.
src/components/saral/officer/JMRManager.tsx(1008,23): error TS17004: Cannot use JSX unless the '--jsx' flag is provided.
src/components/saral/officer/JMRManager.tsx(1015,21): error TS17004: Cannot use JSX unless the '--jsx' flag is provided.
src/components/saral/officer/JMRManager.tsx(1016,23): error TS17004: Cannot use JSX unless the '--jsx' flag is provided.
src/components/saral/officer/JMRManager.tsx(1017,23): error TS17004: Cannot use JSX unless the '--jsx' flag is provided.
src/components/saral/officer/JMRManager.tsx(1024,21): error TS17004: Cannot use JSX unless the '--jsx' flag is provided.
src/components/saral/officer/JMRManager.tsx(1025,23): error TS17004: Cannot use JSX unless the '--jsx' flag is provided.
src/components/saral/officer/JMRManager.tsx(1026,23): error TS17004: Cannot use JSX unless the '--jsx' flag is provided.
src/components/saral/officer/JMRManager.tsx(1033,21): error TS17004: Cannot use JSX unless the '--jsx' flag is provided.
src/components/saral/officer/JMRManager.tsx(1034,23): error TS17004: Cannot use JSX unless the '--jsx' flag is provided.
src/components/saral/officer/JMRManager.tsx(1035,23): error TS17004: Cannot use JSX unless the '--jsx' flag is provided.
src/components/saral/officer/JMRManager.tsx(1042,21): error TS17004: Cannot use JSX unless the '--jsx' flag is provided.
src/components/saral/officer/JMRManager.tsx(1043,23): error TS17004: Cannot use JSX unless the '--jsx' flag is provided.
src/components/saral/officer/JMRManager.tsx(1044,23): error TS17004: Cannot use JSX unless the '--jsx' flag is provided.
src/components/saral/officer/JMRManager.tsx(1052,19): error TS17004: Cannot use JSX unless the '--jsx' flag is provided.
src/components/saral/officer/JMRManager.tsx(1053,21): error TS17004: Cannot use JSX unless the '--jsx' flag is provided.
src/components/saral/officer/JMRManager.tsx(1061,21): error TS17004: Cannot use JSX unless the '--jsx' flag is provided.
src/components/saral/officer/JMRManager.tsx(1062,23): error TS17004: Cannot use JSX unless the '--jsx' flag is provided.
src/components/saral/officer/JMRManager.tsx(1070,15): error TS17004: Cannot use JSX unless the '--jsx' flag is provided.
src/components/saral/officer/JMRManager.tsx(1071,17): error TS17004: Cannot use JSX unless the '--jsx' flag is provided.
src/components/saral/officer/JMRManager.tsx(1072,19): error TS17004: Cannot use JSX unless the '--jsx' flag is provided.
src/components/saral/officer/JMRManager.tsx(1074,17): error TS17004: Cannot use JSX unless the '--jsx' flag is provided.
src/components/saral/officer/JMRManager.tsx(1075,19): error TS17004: Cannot use JSX unless the '--jsx' flag is provided.
src/components/saral/officer/JMRManager.tsx(1076,21): error TS17004: Cannot use JSX unless the '--jsx' flag is provided.
src/components/saral/officer/JMRManager.tsx(1077,23): error TS17004: Cannot use JSX unless the '--jsx' flag is provided.
src/components/saral/officer/JMRManager.tsx(1078,25): error TS17004: Cannot use JSX unless the '--jsx' flag is provided.
src/components/saral/officer/JMRManager.tsx(1079,27): error TS17004: Cannot use JSX unless the '--jsx' flag is provided.
src/components/saral/officer/JMRManager.tsx(1080,27): error TS17004: Cannot use JSX unless the '--jsx' flag is provided.
src/components/saral/officer/JMRManager.tsx(1081,27): error TS17004: Cannot use JSX unless the '--jsx' flag is provided.
src/components/saral/officer/JMRManager.tsx(1082,27): error TS17004: Cannot use JSX unless the '--jsx' flag is provided.
src/components/saral/officer/JMRManager.tsx(1083,27): error TS17004: Cannot use JSX unless the '--jsx' flag is provided.
src/components/saral/officer/JMRManager.tsx(1084,27): error TS17004: Cannot use JSX unless the '--jsx' flag is provided.
src/components/saral/officer/JMRManager.tsx(1085,27): error TS17004: Cannot use JSX unless the '--jsx' flag is provided.
src/components/saral/officer/JMRManager.tsx(1086,27): error TS17004: Cannot use JSX unless the '--jsx' flag is provided.
src/components/saral/officer/JMRManager.tsx(1087,27): error TS17004: Cannot use JSX unless the '--jsx' flag is provided.
src/components/saral/officer/JMRManager.tsx(1088,27): error TS17004: Cannot use JSX unless the '--jsx' flag is provided.
src/components/saral/officer/JMRManager.tsx(1089,27): error TS17004: Cannot use JSX unless the '--jsx' flag is provided.
src/components/saral/officer/JMRManager.tsx(1090,27): error TS17004: Cannot use JSX unless the '--jsx' flag is provided.
src/components/saral/officer/JMRManager.tsx(1091,27): error TS17004: Cannot use JSX unless the '--jsx' flag is provided.
src/components/saral/officer/JMRManager.tsx(1094,23): error TS17004: Cannot use JSX unless the '--jsx' flag is provided.
src/components/saral/officer/JMRManager.tsx(1096,27): error TS17004: Cannot use JSX unless the '--jsx' flag is provided.
src/components/saral/officer/JMRManager.tsx(1097,29): error TS17004: Cannot use JSX unless the '--jsx' flag is provided.
src/components/saral/officer/JMRManager.tsx(1098,29): error TS17004: Cannot use JSX unless the '--jsx' flag is provided.
src/components/saral/officer/JMRManager.tsx(1099,29): error TS17004: Cannot use JSX unless the '--jsx' flag is provided.
src/components/saral/officer/JMRManager.tsx(1100,29): error TS17004: Cannot use JSX unless the '--jsx' flag is provided.
src/components/saral/officer/JMRManager.tsx(1101,29): error TS17004: Cannot use JSX unless the '--jsx' flag is provided.
src/components/saral/officer/JMRManager.tsx(1102,29): error TS17004: Cannot use JSX unless the '--jsx' flag is provided.
src/components/saral/officer/JMRManager.tsx(1103,31): error TS17004: Cannot use JSX unless the '--jsx' flag is provided.
src/components/saral/officer/JMRManager.tsx(1105,29): error TS17004: Cannot use JSX unless the '--jsx' flag is provided.
src/components/saral/officer/JMRManager.tsx(1106,29): error TS17004: Cannot use JSX unless the '--jsx' flag is provided.
src/components/saral/officer/JMRManager.tsx(1107,29): error TS17004: Cannot use JSX unless the '--jsx' flag is provided.
src/components/saral/officer/JMRManager.tsx(1108,29): error TS17004: Cannot use JSX unless the '--jsx' flag is provided.
src/components/saral/officer/JMRManager.tsx(1109,29): error TS17004: Cannot use JSX unless the '--jsx' flag is provided.
src/components/saral/officer/JMRManager.tsx(1110,29): error TS17004: Cannot use JSX unless the '--jsx' flag is provided.
src/components/saral/officer/JMRManager.tsx(1111,29): error TS17004: Cannot use JSX unless the '--jsx' flag is provided.
src/components/saral/officer/JMRManager.tsx(1112,31): error TS17004: Cannot use JSX unless the '--jsx' flag is provided.
src/components/saral/officer/JMRManager.tsx(1113,33): error TS17004: Cannot use JSX unless the '--jsx' flag is provided.
src/components/saral/officer/JMRManager.tsx(1118,35): error TS17004: Cannot use JSX unless the '--jsx' flag is provided.
src/components/saral/officer/JMRManager.tsx(1120,33): error TS17004: Cannot use JSX unless the '--jsx' flag is provided.
src/components/saral/officer/JMRManager.tsx(1125,35): error TS17004: Cannot use JSX unless the '--jsx' flag is provided.
src/components/saral/officer/JMRManager.tsx(1135,21): error TS17004: Cannot use JSX unless the '--jsx' flag is provided.
